detail/detailsprites
dev/dev_measurewall01d
models/gibs/hgibs/skull1
models/gibs/hgibs/skull1_normal

skybox/italydn

128 models/cs_italy/bananna
256 models/cs_italy/doorb
128 models/cs_italy/eggplant01
256 models/cs_italy/entarch2
256 models/cs_italy/hangingflag
512 models/cs_italy/it_logs
256 models/cs_italy/market_dolly01
256 models/cs_italy/market_table01
256 models/cs_italy/market_vegbin01
256 models/cs_italy/market_vegcrate01
256 models/cs_italy/mkt_container1
256 models/cs_italy/mkt_container2
256 models/cs_italy/mkt_container3
256 models/cs_italy/mkt_container3a
256 models/cs_italy/mkt_container3b
256 models/cs_italy/mkt_table1
256 models/cs_italy/mkt_table2
256 models/cs_italy/mkt_table3
128 models/cs_italy/orange
256 models/cs_italy/pricetags01
256 models/cs_italy/streetsigns01
128 models/cs_italy/tomatoes01
256 models/cs_italy/winerack_large
256 models/cs_italy/winerack_small
256 models/cs_italy/wndc
256 models/props/cs_italy/bin01
256 models/props/cs_italy/brick_arch01
256 models/props/cs_italy/brick_arch01_normal
256 models/props/cs_italy/chianti
256 models/props/cs_italy/chianti02
256 models/props/cs_italy/clothesline_diff
256 models/props/cs_italy/italy_door_mailbox
256 models/props/cs_italy/italy_round_door
512 models/props/cs_italy/italy_signage
256 models/props/cs_italy/italy_signs_post
256 models/props/cs_italy/italy_skybox_buildings
256 models/props/cs_italy/italy_skybox_tower
256 models/props/cs_italy/italy_wires_ctspawn
256 models/props/cs_italy/paint_roller
256 models/props/cs_italy/radio
512 models/props/cs_italy/trellis01
256 models/props/cs_italy/weed_tuft01
512 models/props/cs_italy/wine_pallet
256 models/props/cs_italy/wndx1
256 models/props/cs_italy/wndx1b
256 models/props/cs_italy/wndx1r
256 models/props/cs_italy/wndx1y
256 models/props/cs_militia/bar01
256 models/props/cs_militia/barstool01
256 models/props/cs_militia/paintbucket01
256 models/props/cs_militia/table_shed
256 models/props/cs_militia/wood_table
256 models/props/cs_office/ladder_office
256 models/props/de_aztec/grasstuft01
256 models/props/de_aztec/grasstuft02
256 models/props/de_inferno/ceiling_fan
256 models/props/de_inferno/ceiling_fan_ref
256 models/props/de_inferno/chairantique
256 models/props/de_inferno/flower_barrel
256 models/props/de_inferno/largebushd
256 models/props/de_inferno/largebushe
256 models/props/de_inferno/largebushh
256 models/props/de_inferno/largebushi
256 models/props/de_inferno/railing01a
256 models/props/de_nuke/clock
256 models/props/de_nuke/clock_ref
256 models/props/de_tides/gate
256 models/props/de_tides/gate_ref
256 models/props/de_tides/patio_chair
256 models/props/de_tides/patio_chair2
256 models/props_c17/furniturechair001a
256 models/props_c17/furniturecouch001a
256 models/props_c17/furnituredrawer002a
256 models/props_c17/furnituretable003a
256 models/props_c17/shelfunit01a
256 models/props_debris/concretedebris_chunk01
256 models/props_downtown/bedding_pile02
256 models/props_downtown/windows_interior
256 models/props_foliage/mall_large_pots01
256 models/props_foliage/mall_large_pots01_ref
256 models/props_foliage/mall_large_pots02
512 models/props_foliage/mall_trees_barks01
1024 models/props_foliage/mall_trees_branches01
1024 models/props_foliage/mall_trees_branches02
256 models/props_foliage/urban_tree03
512 models/props_foliage/urban_tree03_branches
512 models/props_foliage/urban_trees_branches02_mip0
512 models/props_foliage/urban_trees_branches03_mip0
256 models/props_furniture/furnituredresser001a
256 models/props_furniture/furniturewooddrawers001a
256 models/props_furniture/kitchen_countertop1
256 models/props_interiors/alarm_clock_off
256 models/props_interiors/alarm_clock_on
256 models/props_interiors/bed
256 models/props_interiors/clothing_pile1
256 models/props_interiors/clothing_pile3
256 models/props_interiors/coffee_maker
256 models/props_interiors/refrigerator02
256 models/props_interiors/refrigerator02_new
256 models/props_interiors/refrigerator02_new_on
256 models/props_interiors/refrigerator02_new_ref
256 models/props_interiors/sink_kitchen
256 models/props_interiors/table_kitchen
256 models/props_interiors/trashcankitchen01
256 models/props_junk/cardboard_boxes001a
256 models/props_junk/cinderblock01a
256 models/props_junk/fruit_objects01
512 models/props_junk/garbage001a_01
512 models/props_junk/garbage003a_01
256 models/props_junk/glass_objects01
256 models/props_junk/glass_objects01_m
256 models/props_junk/metalbucket01a
256 models/props_junk/physics_trash
256 models/props_junk/plastic_junk001a
256 models/props_junk/trashclusters01
256 models/props_junk/trashclusters01_specular
256 models/props_junk/trashdumpster01a
256 models/props_lab/powerbox001
256 models/props_lighting/lampbedside01_on
256 models/props_mall/cash_register
256 models/props_mall/mall_bench
256 models/props_rooftop/acunit01
256 models/props_rooftop/rooftop01a
256 models/props_rooftop/rooftopcluster01a
256 models/props_rooftop/rooftopcluster06a
256 models/props_rooftop/rooftop_set01a
256 models/props_street/electrical_boxes
256 models/props_street/garbage_can
256 models/props_urban/chimneys001
256 models/props_urban/curbs001
256 models/props_urban/curbs002
256 models/props_urban/garbage_can001
256 models/props_urban/garden_hose001
256 models/props_urban/plaster_edge01
256 models/props_vehicles/truck001a_01
256 models/props_wasteland/prison_objects002
256 models/props_wasteland/quarryobjects01
256 models/props_windows/window_uban_apt_glass