//force 64


//force 128
128 de_train/train_oldwindows_02
128 glass/glasswindow044a

//force 256
256 models/props_rooftop/acunit01
256 models/props/cs_assault/acunits01
256 models/props/cs_assault/acunits01_ref
256 cs_italy/marketwall04
256 cs_italy/marketwall06
256 cs_italy/plasterwall04b
256 cs_italy/pwood1
256 de_dust/marketwall02
256 de_dust/marketwall02a_normal
256 de_dust/marketwall02b_normal
256 de_dust/residbwall01_normal
256 de_dust/residbwall01a_normal
256 de_dust/residbwall01b_normal
256 de_dust/residbwall02_normal
256 de_dust/residbwall02a_normal
256 de_dust/residbwall02b_normal
256 de_dust/residbwall03
256 de_dust/residbwall03_normal
256 de_dust/residbwall03a
256 de_dust/residbwall03a_normal
256 de_dust/residbwall03b
256 de_dust/residbwall03b_normal
256 de_dust/residbwall03c_bottom_normal
256 de_dust/residbwall04
256 de_dust/residbwall04_normal
256 de_dust/residbwall04b
256 de_dust/residbwall04b_normal
256 de_dust/residbwall04a_bottom
256 de_dust/residbwall04a_bottom_normal
256 de_dust/residbwall04a
256 de_dust/residbwall04a_top_normal
256 de_dust/residbwall04a_normal
256 de_dust/residbwall06_normal
256 de_dust/residbwall06a_normal
256 de_dust/residbwall06b_normal
256 de_dust/residbwall06_normal
256 de_dust/sitebwall05
256 de_dust/sitebwall05_normal
256 de_dust/sitebwall01_normal
256 de_dust/sitebwall01a_normal
256 de_dust/sitebwall01b_normal
256 de_dust/sitebwall03_normal
256 de_dust/sitebwall03a_normal
256 de_dust/sitebwall03b_normal
256 de_dust/sitebwall05a
256 de_dust/sitebwall05a_normal
256 de_dust/sitebwall05c
256 de_dust/sitebwall05c_normal
256 de_dust/sitebwall08
256 de_dust/sitebwall08_normal
256 de_dust/sitebwall08a_normal
256 de_dust/sitebwall08b_normal
256 de_dust/sitebwall07a_middle
256 de_dust/sitebwall07a_top
256 de_dust/sitebwall07a
256 de_dust/sitebwall07a_bottom
256 de_dust/sitebwall10a
256 de_dust/sitebwall10_normal
256 de_dust/sitebwall10a_normal
256 de_dust/sitebwall10b
256 de_dust/sitebwall10b_normal
256 de_dust/sitebwall11a
256 de_dust/sitebwall11_normal
256 de_dust/sitebwall11a_normal
256 de_dust/sitebwall11b_normal
256 de_dust/sitebwall12_normal
256 de_dust/sitebwall12a_normal
256 de_dust/sitebwall12b_normal
256 de_dust/sitebwall13
256 de_dust/sitebwall13_normal
256 de_dust/sitebwall13a
256 de_dust/sitebwall13a_normal
256 de_dust/sitebwall13b_normal
256 de_dust/sitebwall14_normal
256 de_dust/sitebwall14a_normal
256 de_dust/sitebwall14b_normal
256 de_dust/stonewall02b
256 de_dust/stonewall02_normal
256 de_dust/stonewall02a_normal
256 de_dust/stonewall02b_normal
256 de_dust/stonewall02c_normal
256 de_dust/tilefloor01
256 metal/metal_corrugated03a
256 models/props_highway/metal_corrugated03a
256 models/props_highway/metal_corrugated03b
256 metal/metal_corrugated03c
256 models/props/de_dust/dust_large_sign
256 models/props/de_dust/rug02
256 storefront_template/storefront_template001a
256 wood/wood_ext_01
256 decals/bombsite_x




//force 512
512 models/de_dust/objects/dust_walltop
512 models/props/props_gameplay/bomb_sign_b
512 models/props/props_gameplay/bomb_sign_a


//force exclude unused skins
models/props_vehicles/van001b_01
models/props_vehicles/car001b_02

//force misc
detail/detailsprites
