//force 64
64 models/props/de_inferno/wall_lamp_glass_ref
64 models/props/de_inferno/wall_lamp_glass
64 glass/offwndwb_break_hdr
64 glass/prodwndwa

//force 128
128 models/props/de_inferno/wall_lamp_ref
128 models/props/cs_assault/acunits01_ref
128 models/props/de_inferno/piping_ref
128 models/props/de_inferno/railingbalcony_ref
128 models/props/de_inferno/bed
128 models/props/de_inferno/bell_small
128 models/props/de_inferno/bell_large


//force 256
256 models/props_rooftop/acunit01
256 models/props/cs_assault/acunits01
256 models/props_vehicles/trailer001a_01
256 models/props_interiors/radiator01a
256 models/props/de_inferno/tableantique
256 models/props/de_inferno/inferno_towerbell01
256 models/props_c17/furniturecouch001a
256 models/props/de_inferno/lilypads
256 models/props/de_prodigy/wood_pallet_01_normal
256 models/props_interiors/refrigerator01a
256 models/props_interiors/refrigeratordoor01a
256 models/props_urban/bench001
256 models/props/de_inferno/claypot02
256 models/props/de_inferno/churchprops01
256 models/props/de_inferno/churchprops02
256 models/props/de_inferno/churchprops03
256 models/props/de_inferno/churchprops04
256 models/props_c17/furniturecupboard001a
256 models/props_c17/furniturewooddrawers001a
256 models/props_c17/furniturewooddresser001a

//force 512
512 models/props_foliage/urban_trees_barks01
512 de_nuke/nukfloorc
512 models/props_foliage/mall_trees_branches01
512 models/props_foliage/swamp_trees_branches01
512 models/props_foliage/urban_trees_branches02_mip0
512 models/props_foliage/urban_trees_branches03
512 detail/detailsprites
512 models/props/de_train/bush

//force exclude unused skins
models/props_vehicles/truck001c_02
models/props_vehicles/truck001c_01
models/props_interiors/radiator01b
models/props_interiors/radiator01c
models/props_c17/awning001b
models/props_c17/awning001c
models/props_c17/awning001d
models/props_vehicles/car001a_02
models/props/de_prodigy/concretebags_de
models/props/de_prodigy/concretebags_ru

//force misc
skybox/italydn
detail/detailsprites

//testing






